// Jest Snapshot v1, https://goo.gl/fbAQLP

exports[`renders an article 1`] = `
"<!doctype html><html âš¡ lang=\\"de\\"><head><meta charSet=\\"utf-8\\"/><meta http-equiv=\\"X-UA-Compatible\\" content=\\"IE=edge\\"/><title>Article Title</title><link rel=\\"canonical\\" href=\\"https://example.com/musik/article-slug/\\"/><meta name=\\"viewport\\" content=\\"width=device-width,initial-scale=1,minimum-scale=1,maximum-scale=1,user-scalable=0\\"/><meta name=\\"author\\" content=\\"example\\"/><meta name=\\"copyright\\" content=\\"example\\"/><meta name=\\"email\\" content=\\"hi@example.com\\"/><meta name=\\"date\\" content=\\"2016-10-25\\"/><meta name=\\"last-modified\\" content=\\"2016-10-25\\"/><meta name=\\"description\\" content=\\"This is a test article\\"/><meta name=\\"twitter:card\\" content=\\"summary_large_image\\"/><meta name=\\"twitter:description\\" content=\\"This is a test article\\"/><meta name=\\"twitter:image\\" content=\\"https://firebasestorage.googleapis.com/v0/b/example-1234a.appspot.com/o/test-article-l.jpg?alt=media\\"/><meta property=\\"og:description\\" content=\\"This is a test article\\"/><meta property=\\"og:type\\" content=\\"article\\"/><meta property=\\"og:url\\" content=\\"https://example.com/musik/article-slug/\\"/><meta property=\\"og:image\\" content=\\"https://firebasestorage.googleapis.com/v0/b/example-1234a.appspot.com/o/test-article-l.jpg?alt=media\\"/><meta name=\\"twitter:site\\" content=\\"@examplecom\\"/><meta name=\\"twitter:title\\" content=\\"Article Title\\"/><meta property=\\"og:title\\" content=\\"Article Title\\"/><meta property=\\"og:locale\\" content=\\"de_DE\\"/><meta property=\\"og:site_name\\" content=\\"example\\"/> <script type=\\"application/ld+json\\">{\\"@context\\":\\"http://schema.org\\",\\"@type\\":\\"WebSite\\",\\"name\\":\\"example\\",\\"alternateName\\":\\"example website\\",\\"url\\":\\"https://example.com\\"}</script><link href=\\"https://fonts.googleapis.com/css?family=Roboto:400,400italic,500\\" rel=\\"stylesheet\\" type=\\"text/css\\"/><link rel=\\"apple-touch-icon\\" sizes=\\"57x57\\" href=\\"https://firebasestorage.googleapis.com/v0/b/example-1234a.appspot.com/o/apple-touch-icon-57x57.png?alt=media\\"/><link rel=\\"apple-touch-icon\\" sizes=\\"60x60\\" href=\\"https://firebasestorage.googleapis.com/v0/b/example-1234a.appspot.com/o/apple-touch-icon-60x60.png?alt=media\\"/><link rel=\\"apple-touch-icon\\" sizes=\\"72x72\\" href=\\"https://firebasestorage.googleapis.com/v0/b/example-1234a.appspot.com/o/apple-touch-icon-72x72.png?alt=media\\"/><link rel=\\"apple-touch-icon\\" sizes=\\"76x76\\" href=\\"https://firebasestorage.googleapis.com/v0/b/example-1234a.appspot.com/o/apple-touch-icon-76x76.png?alt=media\\"/><link rel=\\"apple-touch-icon\\" sizes=\\"114x114\\" href=\\"https://firebasestorage.googleapis.com/v0/b/example-1234a.appspot.com/o/apple-touch-icon-114x114.png?alt=media\\"/><link rel=\\"apple-touch-icon\\" sizes=\\"120x120\\" href=\\"https://firebasestorage.googleapis.com/v0/b/example-1234a.appspot.com/o/apple-touch-icon-120x120.png?alt=media\\"/><link rel=\\"apple-touch-icon\\" sizes=\\"144x144\\" href=\\"https://firebasestorage.googleapis.com/v0/b/example-1234a.appspot.com/o/apple-touch-icon-144x144.png?alt=media\\"/><link rel=\\"apple-touch-icon\\" sizes=\\"152x152\\" href=\\"https://firebasestorage.googleapis.com/v0/b/example-1234a.appspot.com/o/apple-touch-icon-152x152.png?alt=media\\"/><link rel=\\"apple-touch-icon\\" sizes=\\"180x180\\" href=\\"https://firebasestorage.googleapis.com/v0/b/example-1234a.appspot.com/o/apple-touch-icon-180x180.png?alt=media\\"/><link rel=\\"icon\\" type=\\"image/png\\" href=\\"https://firebasestorage.googleapis.com/v0/b/example-1234a.appspot.com/o/favicon-32x32.png?alt=media\\" sizes=\\"32x32\\"/><link rel=\\"icon\\" type=\\"image/png\\" href=\\"https://firebasestorage.googleapis.com/v0/b/example-1234a.appspot.com/o/android-chrome-192x192.png?alt=media\\" sizes=\\"192x192\\"/><link rel=\\"icon\\" type=\\"image/png\\" href=\\"https://firebasestorage.googleapis.com/v0/b/example-1234a.appspot.com/o/favicon-96x96.png?alt=media\\" sizes=\\"96x96\\"/><link rel=\\"icon\\" type=\\"image/png\\" href=\\"https://firebasestorage.googleapis.com/v0/b/example-1234a.appspot.com/o/favicon-16x16.png?alt=media\\" sizes=\\"16x16\\"/><link rel=\\"mask-icon\\" href=\\"https://firebasestorage.googleapis.com/v0/b/example-1234a.appspot.com/o/safari-pinned-tab.svg?alt=media\\" color=\\"#5bbad5\\"/><meta name=\\"msapplication-TileColor\\" content=\\"#da532c\\"/><meta name=\\"msapplication-TileImage\\" content=\\"https://firebasestorage.googleapis.com/v0/b/example-1234a.appspot.com/o/mstile-144x144.png?alt=media\\"/><meta name=\\"theme-color\\" content=\\"#ffffff\\"/><meta property=\\"fb:pages\\"/><script async=\\"\\" custom-element=\\"amp-analytics\\" src=\\"https://cdn.ampproject.org/v0/amp-analytics-0.1.js\\"></script><script async=\\"\\" src=\\"https://cdn.ampproject.org/v0.js\\"></script><script async=\\"\\" custom-element=\\"amp-ad\\" src=\\"https://cdn.ampproject.org/v0/amp-ad-0.1.js\\"></script><script async=\\"\\" custom-element=\\"amp-user-notification\\" src=\\"https://cdn.ampproject.org/v0/amp-user-notification-0.1.js\\"></script><script async=\\"\\" custom-element=\\"amp-sidebar\\" src=\\"https://cdn.ampproject.org/v0/amp-sidebar-0.1.js\\"></script><script async=\\"\\" custom-element=\\"amp-youtube\\" src=\\"https://cdn.ampproject.org/v0/amp-youtube-0.1.js\\"></script><style amp-boilerplate=\\"\\">body{-webkit-animation:-amp-start 8s steps(1,end) 0s 1 normal both;-moz-animation:-amp-start 8s steps(1,end) 0s 1 normal both;-ms-animation:-amp-start 8s steps(1,end) 0s 1 normal both;animation:-amp-start 8s steps(1,end) 0s 1 normal both}@-webkit-keyframes -amp-start{from{visibility:hidden}to{visibility:visible}}@-moz-keyframes -amp-start{from{visibility:hidden}to{visibility:visible}}@-ms-keyframes -amp-start{from{visibility:hidden}to{visibility:visible}}@-o-keyframes -amp-start{from{visibility:hidden}to{visibility:visible}}@keyframes -amp-start{from{visibility:hidden}to{visibility:visible}}</style><noscript><style amp-boilerplate=\\"\\">body{-webkit-animation:none;-moz-animation:none;-ms-animation:none;animation:none}</style></noscript><style amp-custom=\\"\\">._dg:first-of-type:first-letter{float:left}._dh:first-of-type:first-letter{font-size:75px}._di:first-of-type:first-letter{line-height:60px}._dj:first-of-type:first-letter{padding-top:4px}._dk:first-of-type:first-letter{padding-right:8px}._dl:first-of-type:first-letter{padding-left:3px}._dm:first-of-type:first-letter{color:#CBC14D}._a{border:1px solid red}._ar{border:2vw solid rgba(53, 47, 47, 0.1)}._b{border-radius:100%}._aq{border-radius:50%}._c{height:19vw}._ab{height:8vw}._av{height:14vw}._ca{height:25vw}._ds{height:26vw}._e0{height:40vw}._d{width:35vw}._i{width:75vw}._ad{width:9vw}._ax{width:14vw}._b3{width:40%}._bb{width:100%}._bq{width:87vw}._cb{width:25vw}._dq{width:26vw}._du{width:54vw}._e{display:block}._x{display:-webkit-box}._y{display:-moz-box}._z{display:-ms-flexbox}._a0{display:-webkit-flex}._a1{display:flex}._f{margin:0 auto}._aw{margin:1vw 0 0 3vw}._bj{margin:3vw 5vw}._bz{margin:0vw 0vw 5vw 0vw}._c7{margin:0 0 3vw 0}._cp{margin:5vw 0vw 5vw 0vw}._dd{margin:5vw 6vw 2vw 6vw}._df{margin:4vw 6vw 4vw 6vw}._dp{margin:10vw auto 0 auto}._h{font-family:Roboto, sans-serif}._j{background:#fff}._bs{background:white}._l{color:#333}._u{color:inherit}._bh{color:aliceblue}._bx{color:#CBC14D}._c0{color:#585252}._c5{color:white}._d3{color:#F9FAFB}._m{font-size:6vw}._at{font-size:11vw}._bi{font-size:2.5vw}._c4{font-size:5vw}._cf{font-size:3vw}._n{text-transform:uppercase}._o{text-align:center}._p{padding-left:0}._r{padding:1vw 0}._w{padding:inherit}._ac{padding:2vw 0 2vw 1vw}._bp{padding:10px}._c6{padding:2vw}._d2{padding:2vw 0vw 2vw 1vw}._d4{padding:1vw}._dt{padding:0 0 2vw 1vw}._e2{padding:5vw}._s{list-style:none}._v{text-decoration:initial}._cv{text-decoration:none}._a2{-webkit-flex-direction:column}._ch{-webkit-flex-direction:row}._a3{-ms-flex-direction:column}._ci{-ms-flex-direction:row}._a4{-webkit-box-orient:vertical}._cj{-webkit-box-orient:horizontal}._a5{-webkit-box-direction:normal}._a6{flex-direction:column}._ck{flex-direction:row}._ah{fill:none}._al{fill:rgba(255, 255, 255, 0.7)}._b4{fill:#fff}._d0{fill:white}._ai{stroke:#000}._am{stroke:#333}._aj{stroke-width:1.16}._an{stroke-width:2.76}._ak{stroke-dasharray:9.27999973,2.31999993,1.15999997,2.31999993}._ao{position:relative}._b0{position:absolute}._ba{position:fixed}._ap{background-color:rgba(0, 0, 0, 0.1)}._bd{background-color:#f9fafb}._c3{background-color:#ECE00C}._d1{background-color:#3C3CDE}._d6{background-color:#06C34B}._d8{background-color:#8FD6EC}._as{cursor:pointer}._au{font-weight:700}._b1{margin-top:35%}._b9{margin-top:2vw}._be{margin-top:23vw}._b2{margin-left:-20%}._b5{margin-left:15vw}._b8{left:0}._bc{z-index:2}._bk{right:1vw}._bl{text-shadow:1px 1px black}._bm{top:0}._br{top:-15vw}._bt{line-height:1}._bw{margin-bottom:5vw}._c9{padding-top:4vw}._ce{box-shadow:0px 2px 7px 0px #585252}._cl{-webkit-justify-content:space-around}._d9{-webkit-justify-content:center}._cm{-ms-flex-pack:distribute}._da{-ms-flex-pack:center}._cn{-webkit-box-pack:justify}._db{-webkit-box-pack:center}._co{justify-content:space-around}._dc{justify-content:center}._cw{-webkit-align-items:center}._cx{-ms-flex-align:center}._cy{-webkit-box-align:center}._cz{align-items:center}._dw{-webkit-flex-wrap:wrap}._dx{-ms-flex-wrap:wrap}._dy{-webkit-box-lines:multiple}._dz{flex-wrap:wrap}._e1{list-style-type:none}._ed{padding-bottom:3vw}@media screen and (min-width: 1024px){._g{height:8vw}._ae{height:2vw}._ay{height:6vw}._b7{height:7vw}._cd{height:10vw}._dr{height:inherit}._k{width:35vw}._ag{width:2vw}._az{width:6vw}._bf{width:50vw}._bv{width:inherit}._cc{width:10vw}._dv{width:22vw}._q{font-size:2vw}._bn{font-size:10px}._c2{font-size:5vw}._cg{font-size:1vw}._de{font-size:3vw}._dn{font-size:18px}._t{padding:0.3vw 0}._af{padding:1vw 0 1vw 1vw}._c8{padding:1vw}._ec{padding:5vw 0 5vw 0}._a7{-webkit-align-items:center}._a8{-ms-flex-align:center}._a9{-webkit-box-align:center}._aa{align-items:center}._b6{margin-left:20vw}._bg{margin-top:11vw}._bo{margin:1vw 0vw}._c1{margin:0 0 2vw 0}._bu{top:0}._cq{top:0vw}._by{margin-bottom:2vw}._cr{-webkit-justify-content:center}._e8{-webkit-justify-content:space-between}._cs{-ms-flex-pack:center}._e9{-ms-flex-pack:justify}._ct{-webkit-box-pack:center}._ea{-webkit-box-pack:justify}._cu{justify-content:center}._eb{justify-content:space-between}._d5{color:#f9fafb}._d7{display:none}._do{line-height:1.4}._e3{-webkit-flex-direction:row}._e4{-ms-flex-direction:row}._e5{-webkit-box-orient:horizontal}._e6{-webkit-box-direction:normal}._e7{flex-direction:row}}</style></head><body><amp-sidebar class=\\"_h _i _j _k\\" id=\\"menu\\" layout=\\"nodisplay\\"><nav><svg class=\\"_c _d _e _f _g\\"><use xlink:href=\\"#nausika--logotext-use\\"></use></svg><ul class=\\"_l _m _n _o _p _q\\"><li class=\\"_r _s _t\\"><a href=\\"/\\" class=\\"_u _v _w\\">Start</a></li><hr/><li class=\\"_r _s _t\\"><a href=\\"/musik\\" class=\\"_u _v _w\\">Musik</a></li></ul></nav></amp-sidebar><amp-analytics type=\\"googleanalytics\\" id=\\"analytics1\\"><script type=\\"application/json\\">{\\"vars\\":{\\"account\\":\\"UA-12345678-9\\"},\\"triggers\\":{\\"trackPageview\\":{\\"on\\":\\"visible\\",\\"request\\":\\"pageview\\"}}}</script></amp-analytics><div class=\\"_x _y _z _a0 _a1 _a2 _a3 _a4 _a5 _a6 _h _a7 _a8 _a9 _aa\\"><svg width=\\"0\\" height=\\"0\\" version=\\"1.1\\" xmlns=\\"http://www.w3.org/2000/svg\\" xmlns:xlink=\\"http://www.w3.org/1999/xlink\\"><defs> <symbol class=\\"_ab _ac _ad _ae _af _ag\\" id=\\"social-icon--facebook-use\\" viewBox=\\"0 0 1024 1024\\"> <title>facebook</title> <path d=\\"M608 192h160v-192h-160c-123.514 0-224 100.486-224 224v96h-128v192h128v512h192v-512h160l32-192h-192v-96c0-17.346 14.654-32 32-32z\\" /> </symbol> <symbol class=\\"_ab _ac _ad _ae _af _ag\\" id=\\"social-icon--whatsapp-use\\" viewBox=\\"0 0 1024 1024\\"> <title>whatsapp</title> <path d=\\"M873 148.8c-95.8-96-223.2-148.8-359-148.8-279.6 0-507.2 227.6-507.2 507.4 0 89.4 23.4 176.8 67.8 253.6l-72 263 269-70.6c74.2 40.4 157.6 61.8 242.4 61.8h0.2c0 0 0 0 0 0 279.6 0 507.4-227.6 507.4-507.4 0-135.6-52.8-263-148.6-359zM514.2 929.6v0c-75.8 0-150-20.4-214.8-58.8l-15.4-9.2-159.6 41.8 42.6-155.6-10-16c-42.4-67-64.6-144.6-64.6-224.4 0-232.6 189.2-421.8 422-421.8 112.6 0 218.6 44 298.2 123.6 79.6 79.8 123.4 185.6 123.4 298.4-0.2 232.8-189.4 422-421.8 422zM745.4 613.6c-12.6-6.4-75-37-86.6-41.2s-20-6.4-28.6 6.4c-8.4 12.6-32.8 41.2-40.2 49.8-7.4 8.4-14.8 9.6-27.4 3.2s-53.6-19.8-102-63c-37.6-33.6-63.2-75.2-70.6-87.8s-0.8-19.6 5.6-25.8c5.8-5.6 12.6-14.8 19-22.2s8.4-12.6 12.6-21.2c4.2-8.4 2.2-15.8-1-22.2s-28.6-68.8-39-94.2c-10.2-24.8-20.8-21.4-28.6-21.8-7.4-0.4-15.8-0.4-24.2-0.4s-22.2 3.2-33.8 15.8c-11.6 12.6-44.4 43.4-44.4 105.8s45.4 122.6 51.8 131.2c6.4 8.4 89.4 136.6 216.6 191.4 30.2 13 53.8 20.8 72.2 26.8 30.4 9.6 58 8.2 79.8 5 24.4-3.6 75-30.6 85.6-60.2s10.6-55 7.4-60.2c-3-5.6-11.4-8.8-24.2-15.2z\\" /> </symbol> <symbol class=\\"_ab _ac _ad _ae _af _ag\\" id=\\"social-icon--twitter-use\\" viewBox=\\"0 0 1024 1024\\"> <title>twitter</title> <path d=\\"M1024 226.4c-37.6 16.8-78.2 28-120.6 33 43.4-26 76.6-67.2 92.4-116.2-40.6 24-85.6 41.6-133.4 51-38.4-40.8-93-66.2-153.4-66.2-116 0-210 94-210 210 0 16.4 1.8 32.4 5.4 47.8-174.6-8.8-329.4-92.4-433-219.6-18 31-28.4 67.2-28.4 105.6 0 72.8 37 137.2 93.4 174.8-34.4-1-66.8-10.6-95.2-26.2 0 0.8 0 1.8 0 2.6 0 101.8 72.4 186.8 168.6 206-17.6 4.8-36.2 7.4-55.4 7.4-13.6 0-26.6-1.4-39.6-3.8 26.8 83.4 104.4 144.2 196.2 146-72 56.4-162.4 90-261 90-17 0-33.6-1-50.2-3 93.2 59.8 203.6 94.4 322.2 94.4 386.4 0 597.8-320.2 597.8-597.8 0-9.2-0.2-18.2-0.6-27.2 41-29.4 76.6-66.4 104.8-108.6z\\" /> </symbol> <symbol class=\\"_e _f\\" id=\\"nausika--logotext-use\\" viewBox=\\"0 0 157 86\\"> <title>nausika</title> <path d=\\"M104.43 20.668c-.124 8.83-.242 16.688-.376 24.968-7.867 13.075-10.546 6.672-8.968-3.594.575-1.67-1.424-2.482-1.875-.812a49.234 49.234 0 0 0-.437 5c-1.607 3.157-4.497 7.21-8.564 6.982 1.597-.992 2.202-2.92 1.75-4.685.172-1.534-2.187-4.336-3.093-7.047.623-5.953-3.127-4.033-2.03.156-2.726 10.5-11.555 17.123-9.876 1.312.183-1.27-1.363-1.648-1.843-.53-.585 2.494-.244 5.574-1.313 7.53-.546 1.878-4.59 3.585-5.28.28-.533-2.716.315-5.11 1.687-7.217.774-.96-.494-2.33-1.406-1.374-.946 1.133-1.466 2.516-1.843 3.937-2.615 5.566-7.238 10.404-8.75 3.5.347-3.54-2.243-3.977-2.28-1.062-7.628 14.44-8.382-9.24 1.593-3.812.8.885 2.24-.417 1.438-1.313-3.282-3.562-8.208-1.153-10.03 2.625-12.53 17.314-5.29-2.968-9.476-3.33-3.498-2.08-7.418 7.104-8.706 9.346-.402-3.71 1.175-7.947.056-9.734-3.425-5.477-7.416 8.184-4.514 4.916 7.05-14.034-1.67 13.746 5.733 6.46.724-.715 1.76-4.323 4.05-7.21 7.792-10.324-3.633 19.15 12.203 4.6 1.234 6.927 6.075 4.777 8.466.484 2.15 5.684 7.54 2.86 9.812-.875 1.217 5.455 5.908 4.783 8.75.906 4.732 8.593 11.435-2.38 12.782-6.688 3.47 4.958 1.872 9.606-1.844 6.97-.67-.872-1.857.023-1.563 1 4.748 5.255 11.13 2.086 14.093-2.407 1.94 8.253 8.056 4.64 11.22-.375-.02 1.26-.045 2.383-.064 3.687-.44 1.614 2.418 2.253 2.863.575 2.016-15.97 13.086-10.97 4.824-5.418-8.423 5.66 5.652 9.908 10.344 1.906.355 2.405 2.293 3.93 4.032 3.937 2.04.022 3.72-1.985 4.704-3.41 1.922 5.98 8.62 2.714 8.077.692-.498-1.858-5.073 4.325-6.625-2.47.535-3.417-2.086-4.225-2.28-1.062-7.87 13.006-8.248-9.297 1.735-4.003.8.886 2.098-.227 1.295-1.122-3.16-3.372-8.31-1.104-10.03 2.594-2.998 5.906-8.28 10.05-12.117 5.38 8.982-2.585 6.317-12.76-.12-9.226-2.6 1.774-3.725 4.938-4.7 7.814.105-9.98.288-17.958.437-27.938-.174-1.77-1.26-1.98-1.938-.842zm-9.72 10.625c-.933-.05-1.904.44-2.28 1.343-.68 1.307.175 3.128 1.656 3.344 1.403.337 2.873-.868 2.812-2.312-.156-1.474-1.005-1.983-2.187-2.375zm-.25 1.5c.715.008.8.544 1 .875.01.837-1.21 1.203-1.656.468-.448-.696.082-1.25.657-1.343z\\" /> </symbol> <symbol id=\\"nausika--bubble-use\\" viewBox=\\"0 0 157 86\\"> <title>nausika-bubbles</title> <path class=\\"_ah _ai _aj _ak\\" d=\\"M82.973.714C55.417 1.59 25.126 9.5 7.566 32.184c-7.122 9.12-10.047 24.554-.062 32.75 12.354 9.138 28.724 9.52 43.464 11.504 19.646 2.386 39.453 2.03 59.16 1.14 7.98-.102 15.774 3.02 22.032 7.636 7.862 1.064 13.577-6.512 18.125-11.844 9.653-14.56 5.775-34.304-3.02-48.272C137.16 9.034 117.996 2.286 99.858 1.15 94.242.72 88.602.63 82.973.715z\\" /> <path class=\\"_al _am _an\\" d=\\"M133.958 79.7c-6.795-7.32-20.047-8.543-31.69-7.988-10.753.284-21.79 1.622-32.228-.11-19.077-.877-39.5-1.77-55.642-9.145-8-3.53-9.05-13.093-5.528-20.356 4.944-10.755 15.752-20.373 28.923-25.68 21.823-9.58 45.645-11.762 69.753-8.242 17.197 2.4 31.184 11.71 36.794 23.77 3.608 7.543 5.29 15.686 5.595 23.844-.047 8.94-5.418 18.458-15.977 23.91z\\" /> </symbol> </defs></svg><header class=\\"_x _y _z _a0 _a1 _b8 _b9 _ba _bb _bc\\"><div on=\\"tap:menu\\" role=\\"button\\" tabindex=\\"0\\" class=\\"_ao _ap _aq _ar _as _at _au _av _aw _o _ax _ay _az\\"> <svg class=\\"_b0 _b1 _b2 _b3 _b4\\" viewBox=\\"0 0 250 250\\"> <path d=\\"M 0 0 L 0 45 L 250 45 L 250 0 L 0 0 z M 0 75 L 0 120 L 250 120 L 250 75 L 0 75 z M 0 150 L 0 195 L 250 195 L 250 150 L 0 150 z \\" /> </svg> </div> <div class=\\"_b5 _b6\\"> <a href=\\"/\\"> <svg class=\\"_c _d _b7\\"> <use xlink:href=\\"#nausika--bubble-use\\" /> <use xlink:href=\\"#nausika--logotext-use\\" /> </svg> </a> </div></header><main id=\\"main\\" role=\\"main\\" class=\\"_bd _be _bf _bg\\"><figcaption class=\\"_ao\\"><amp-img width=\\"4\\" height=\\"3\\" src=\\"https://firebasestorage.googleapis.com/v0/b/example-1234a.appspot.com/o/test-article.jpg-s?alt=media\\" srcset=\\"https://firebasestorage.googleapis.com/v0/b/example-1234a.appspot.com/o/test-article-l.jpg?alt=media 1280w, https://firebasestorage.googleapis.com/v0/b/example-1234a.appspot.com/o/test-article-m.jpg?alt=media 640w, https://firebasestorage.googleapis.com/v0/b/example-1234a.appspot.com/o/test-article-m.jpg?alt=media 320w\\" alt=\\"test article cover\\" attribution=\\"Jon Doe\\" layout=\\"responsive\\"></amp-img><figcaption class=\\"_bh _bi _bj _b0 _bk _bl _bm _bn _bo\\">Jon Doe</figcaption></figcaption><div class=\\"_f _bp _bq _ao _br _bs _bt _bu _bv\\"><p class=\\"_bw _bx _by\\"><a href=\\"/\\" class=\\"_bx\\">Start</a> &gt; <a href=\\"/musik/\\" class=\\"_bx\\">Musik</a></p><time dateTime=\\"2016-10-25\\" class=\\"_e _bz _c0 _c1\\">25. Oktober 2016</time><h1 class=\\"_bw _c0 _c2\\">Article Headline!</h1><h2 class=\\"_c3 _c4 _c5 _c6 _c7 _q _c8\\">Test Article...</h2><div class=\\"_c9 _ca _cb _f _cc _cd\\"><amp-img class=\\"_ce _b\\" width=\\"4\\" height=\\"4\\" src=\\"https://firebasestorage.googleapis.com/v0/b/example-1234a.appspot.com/o/jondoe.jpg?alt=media\\" alt=\\"test article cover\\" attribution=\\"Jon Doe\\" layout=\\"responsive\\"></amp-img></div><span class=\\"_e _cf _o _b9 _cg\\">Jon Doe</span></div><div class=\\"_x _y _z _a0 _a1 _ch _ci _cj _a5 _ck _cl _cm _cn _co _cp _ao _br _cq _cr _cs _ct _cu\\"><a href=\\"https://facebook.com/sharer/sharer.php?u=https://example.com/musik/article-slug&amp;title=Article%20Title\\" target=\\"_blank\\" rel=\\"noopener noreferrer\\" class=\\"_cv\\"><div class=\\"_cw _cx _cy _cz _x _y _z _a0 _a1 _d0 _ch _ci _cj _a5 _ck _cl _cm _cn _co _d1\\"><svg class=\\"_ab _d2 _ad _ae _af _ag\\"><use xlink:href=\\"#social-icon--facebook-use\\"></use></svg><span class=\\"_d3 _c4 _d4 _d5 _cg _c8\\">TEILEN</span></div></a><a href=\\"whatsapp://send?text=https://example.com/musik/article-slug Article%20Title\\" data-action=\\"share/whatsapp/share\\" target=\\"_blank\\" rel=\\"noopener noreferrer\\" class=\\"_cv\\"><div class=\\"_cw _cx _cy _cz _x _y _z _a0 _a1 _d0 _ch _ci _cj _a5 _ck _cl _cm _cn _co _d6 _d7\\"><svg class=\\"_ab _d2 _ad _ae _af _ag\\"><use xlink:href=\\"#social-icon--whatsapp-use\\"></use></svg><span id=\\"social-icon--whatsapp-text\\" class=\\"_d3 _c4 _d4 _d5 _cg _c8\\">APPSEN</span></div></a><a href=\\"https://twitter.com/intent/tweet?url=https://example.com/musik/article-slug&amp;text=Article%20Title&amp;via=example\\" target=\\"_blank\\" rel=\\"noopener noreferrer\\" class=\\"_cv\\"><div class=\\"_cw _cx _cy _cz _x _y _z _a0 _a1 _d0 _ch _ci _cj _a5 _ck _cl _cm _cn _co _d8\\"><svg class=\\"_ab _d2 _ad _ae _af _ag\\"><use xlink:href=\\"#social-icon--twitter-use\\"></use></svg><span id=\\"social-icon--twitter-text\\" class=\\"_d3 _c4 _d4 _d5 _cg _c8\\">TWEETEN</span></div></a></div><div class=\\"_x _y _z _a0 _a1 _d9 _da _db _dc _ao _br _bu\\"><amp-ad width=\\"300\\" height=\\"250\\" type=\\"doubleclick\\" data-slot=\\"/12345678/domain.com(Code)\\"></amp-ad></div><article class=\\"_ao\\"><h2 id=\\"1.-bob-dylan-â€“-knockinâ€™-on-heavenâ€™s-door\\" class=\\"_c0 _dd _de\\">1. Bob Dylan â€“ Knockinâ€™ On Heavenâ€™s Door</h2><p class=\\"_df _l _dg _dh _di _dj _dk _dl _dm _dn _do\\">First Song</p><div><div><amp-youtube class=\\"_a _b\\" data-videoid=\\"UtWhioqshtw\\" width=480 height=270 layout=\\"responsive\\"> </amp-youtube></div>


</div><h2 id=\\"1.-bob-dylan-â€“-knockinâ€™-on-heavenâ€™s-door-2.-bruce-springsteen-â€“-iâ€™m-on-fire\\" class=\\"_c0 _dd _de\\">2. Bruce Springsteen â€“ Iâ€™m On Fire</h2><p class=\\"_df _l _dg _dh _di _dj _dk _dl _dm _dn _do\\">Second Song</p><div><div><amp-youtube class=\\"_a _b\\" data-videoid=\\"gntO-BadGk8\\" width=480 height=270 layout=\\"responsive\\"> </amp-youtube></div>


</div><h2 id=\\"1.-bob-dylan-â€“-knockinâ€™-on-heavenâ€™s-door-3.-nirvana-â€“-smells-like-teen-spirit\\" class=\\"_c0 _dd _de\\">3. Nirvana â€“ Smells Like Teen Spirit</h2><p class=\\"_df _l _dg _dh _di _dj _dk _dl _dm _dn _do\\">Third Song</p><div><div><amp-youtube class=\\"_a _b\\" data-videoid=\\"hTWKbfoikeg\\" width=480 height=270 layout=\\"responsive\\"> </amp-youtube></div></div></article><div class=\\"_x _y _z _a0 _a1 _ch _ci _cj _a5 _ck _cl _cm _cn _co _cp _ao _br _cq _cr _cs _ct _cu\\"><a href=\\"https://facebook.com/sharer/sharer.php?u=https://example.com/musik/article-slug&amp;title=Article%20Title\\" target=\\"_blank\\" rel=\\"noopener noreferrer\\" class=\\"_cv\\"><div class=\\"_cw _cx _cy _cz _x _y _z _a0 _a1 _d0 _ch _ci _cj _a5 _ck _cl _cm _cn _co _d1\\"><svg class=\\"_ab _d2 _ad _ae _af _ag\\"><use xlink:href=\\"#social-icon--facebook-use\\"></use></svg><span class=\\"_d3 _c4 _d4 _d5 _cg _c8\\">TEILEN</span></div></a><a href=\\"whatsapp://send?text=https://example.com/musik/article-slug Article%20Title\\" data-action=\\"share/whatsapp/share\\" target=\\"_blank\\" rel=\\"noopener noreferrer\\" class=\\"_cv\\"><div class=\\"_cw _cx _cy _cz _x _y _z _a0 _a1 _d0 _ch _ci _cj _a5 _ck _cl _cm _cn _co _d6 _d7\\"><svg class=\\"_ab _d2 _ad _ae _af _ag\\"><use xlink:href=\\"#social-icon--whatsapp-use\\"></use></svg><span id=\\"social-icon--whatsapp-text\\" class=\\"_d3 _c4 _d4 _d5 _cg _c8\\">APPSEN</span></div></a><a href=\\"https://twitter.com/intent/tweet?url=https://example.com/musik/article-slug&amp;text=Article%20Title&amp;via=example\\" target=\\"_blank\\" rel=\\"noopener noreferrer\\" class=\\"_cv\\"><div class=\\"_cw _cx _cy _cz _x _y _z _a0 _a1 _d0 _ch _ci _cj _a5 _ck _cl _cm _cn _co _d8\\"><svg class=\\"_ab _d2 _ad _ae _af _ag\\"><use xlink:href=\\"#social-icon--twitter-use\\"></use></svg><span id=\\"social-icon--twitter-text\\" class=\\"_d3 _c4 _d4 _d5 _cg _c8\\">TWEETEN</span></div></a></div></main><aside></aside><footer><div class=\\"_x _y _z _a0 _a1 _a2 _a3 _a4 _a5 _a6\\"><a href=\\"#main\\"><div class=\\"_dp _dq _ac _cc _dr\\"><amp-img width=\\"3\\" height=\\"3\\" src=\\"https://firebasestorage.googleapis.com/v0/b/example-1234a.appspot.com/o/nausika-gurl.min.svg?alt=media\\" alt=\\"Gurl you know it&#x27;s true, uh uh uh, I love you!\\" attribution=\\"All Rights Reserved\\" layout=\\"responsive\\"></amp-img></div></a><a href=\\"#main\\"><svg class=\\"_f _ds _dt _du _e _dv _dr\\"><use xlink:href=\\"#nausika--logotext-use\\"></use></svg></a></div><ul class=\\"_x _y _z _a0 _a1 _a2 _a3 _a4 _a5 _a6 _dw _dx _dy _dz _e0 _e1 _e2 _dr _e3 _e4 _e5 _e6 _e7 _bf _e8 _e9 _ea _eb _ec\\"><li class=\\"_ed\\"><a href=\\"/impressum/\\" class=\\"_cv _c0\\">Impressum</a></li><li class=\\"_ed\\"><a href=\\"/datenschutz/\\" class=\\"_cv _c0\\">Datenschutz</a></li><li class=\\"_ed\\"><a href=\\"/agb/\\" class=\\"_cv _c0\\">AGB</a></li><li class=\\"_ed\\"><a href=\\"/rss/\\" class=\\"_cv _c0\\">RSS</a></li><li class=\\"_ed\\"><a href=\\"https://www.facebook.com/examplecom\\" class=\\"_cv _c0\\">Facebook</a></li><li class=\\"_ed\\"><a href=\\"https://www.twitter.com/examplecom\\" class=\\"_cv _c0\\">Twitter</a></li></ul></footer><amp-user-notification layout=\\"nodisplay\\" id=\\"amp-user-notification1\\">nausika nutzt Cookies in deinem Browser. Wir speichern darin allerlei Daten - aber keine Sorge, nichts Wildes. Mehr langweiLiges bla bla Ã¼ber Cookies kannst du <a href=\\"/datenschutz/\\">hier lesen...</a> <button on=\\"tap:amp-user-notification1.dismiss\\"> Cookies finde ich ganz ok </button></amp-user-notification></div></body></html>"
`;
